
*** Directory Libraries/Goedel.ASN

*** Directory Libraries/Goedel.Registry

*** Directory ASN/Goedel.Tool.ASN

*** Directory ASN/ShellASN

*** Directory Command/Goedel.Tool.Command

*** Directory Domainer/Goedel.Tool.Domainer

*** Directory Domainer/ShellDomainer

*** Directory Exceptional/Goedel.Tool.Exceptional

*** Directory Exceptional/ShellExceptional

*** Directory FSRGen/Goedel.Tool.FSRGen

*** Directory FSRGen/ShellFSRGen

*** Directory GScript/Goedel.Tool.Script

*** Directory GScript/ShellGScript

*** Directory Goedel3/Goedel.Tool.Schema

*** Directory Goedel3/ShellGoedel3

*** Directory Protogen/Goedel.Tool.ProtoGen

*** Directory protogen/ShellProtoGen

*** Directory RFCTool/LibBootMaker

*** Directory RFCTool/Goedel.Tool.RFCTool

*** Directory RFCTool/LibBridge

*** Directory RegistryConfig/Goedel.Tool.RegistryConfig

*** Directory RegistryConfig/ShellRegistryConfig

*** Directory RFCTool/Goedel.Tool.RFCTool.Binding

*** Directory VSIXBuild/Goedel.Tool.VSIXBuild

*** Directory RFCTool/LibOpenXML

*** Directory RFCTool/ShellRFCTool

*** Directory Trojan3/Goedel.Trojan.Script

*** Directory Trojan3/Trojan3

*** Directory VSIXBuild/ShellVSIXBuild

*** Directory Goedel.Tool.RFCDoc

*** Directory Goedel.IO

*** Directory Libraries/Goedel.Utilities

*** Directory Libraries/Goedel.FSR

*** Directory MakeyMakey/Goedel.Tools.Makey

*** Directory MakeyMakey/ShellMakey

*** Directory Command/ShellCommand

*** Directory Libraries/Goedel.Debug

*** Directory Libraries/Goedel.Protocol

*** Directory Libraries/Goedel.Protocol.Extended

*** Directory Packager
